[    0.0s] 93 mutants in 1 lane file(s); selected 93
[   19.6s] source baseline 54 selectors, 0 inadmissible mutants
[   25.7s] I01-no-config-fingerprint KILLED (text)
[   31.7s] I02-no-post-merge-map KILLED (text)
[   36.2s] I03-no-span-requirement KILLED (text)
[   40.4s] I04-no-binding-position-guard KILLED (text)
[   44.6s] I05-no-skipped-star-guard KILLED (text)
[   49.0s] I06-all-file-occupancy KILLED (text)
[   53.6s] I07-no-proven-empty-facts KILLED (text)
[   57.7s] I08-no-opaque-star-guard KILLED (text)
[   61.9s] I09-ignore-skipped-declaration-name KILLED (text)
[   66.3s] I10-trim-alias-cache-key KILLED (text)
[   70.9s] I11-taint-namespace-terminal KILLED (text)
[   78.3s] I12-legacy-alias-hop-table KILLED (text)
[   85.2s] I13-no-probe-occupancy KILLED (text)
[   89.8s] I14-last-config-wins KILLED (text)
[   97.4s] I15-no-js-hop-cut KILLED (text)
[  101.8s] I16-no-config-types-cut KILLED (text)
[  106.6s] I17-no-project-reference-cut KILLED (text)
[  111.8s] I18-no-ambient-content-hash KILLED (text)
[  116.4s] I19-no-ambient-read-occupancy KILLED (text)
[  123.8s] I20-no-js-module-cut KILLED (text)
[  143.7s] I21-no-typeRoots-coverage KILLED (text)
[  157.7s] I22-no-reference-path-arm KILLED (text)
[  175.0s] I23-no-reference-types-arm KILLED (text)
[  194.0s] I24-no-reference-closure KILLED (text)
[  203.3s] I27-global-export-priming KILLED (text)
[  212.5s] I28-no-reachable-export-priming KILLED (text)
[  220.6s] I29-no-package-types KILLED (text)
[  227.0s] I30-no-package-typings KILLED (text)
[  232.9s] I31-no-package-typesVersions KILLED (text)
[  237.5s] I32-broad-package-exports-cut KILLED (text)
[  241.7s] I34-absent-declines KILLED (text)
[  246.7s] I35-no-installed-ambient KILLED (text)
[  251.6s] I36-all-wildcards-match KILLED (text)
[  255.7s] I37-outside-is-absent KILLED (text)
[  260.3s] I38-no-secondary-type-lookup KILLED (text)
[  264.4s] I39-no-first-pass-dependencies KILLED (text)
[  269.6s] I40-restore-blanket-JS-cut KILLED (text)
[  273.9s] I41-no-node-file KILLED (text)
[  277.9s] I42-no-node-index KILLED (text)
[  282.3s] I43-no-at-types KILLED (text)
[  286.9s] I44-no-module-types KILLED (text)
[  291.3s] I45-no-module-typings KILLED (text)
[  296.6s] I46-no-module-versions KILLED (text)
[  301.8s] I47-no-module-typeRoots KILLED (text)
[  306.3s] I48-no-module-main KILLED (text)
[  310.8s] I49-no-JS-object-order KILLED (text)
[  315.4s] I50-no-last-duplicate-value KILLED (text)
[  320.1s] I51-range-u64-overflow KILLED (text)
[  324.7s] I52-relative-only-package-field KILLED (text)
[  328.8s] I53-relative-only-version-substitution KILLED (text)
[  332.8s] I54-remap-out-of-package-entry KILLED (text)
[  337.5s] I55-truthy-empty-exact-key KILLED (text)
[  342.1s] I56-no-paths-first-pass KILLED (text)
[  346.6s] I57-Rust-version-whitespace KILLED (text)
[  351.3s] I58-no-root-file-boundary KILLED (text)
[  357.6s] I59-no-physical-absence KILLED (text)
[  363.9s] I61-ancestor-named-types KILLED (text)
[  369.0s] I66-uppercase-suffix KILLED (text)
[  373.5s] I67-candidate-fold KILLED (text)
[  378.3s] I68-bin-exclusion KILLED (text)
[  382.9s] I69-git-exclusion KILLED (text)
[  387.3s] I71-internal-link KILLED (text)
[  391.5s] I72-large-source-bound KILLED (text)
[  396.4s] I73-declare-prefilter KILLED (text)
[  401.2s] I74-tolerant-literal-exclusion KILLED (text)
[  406.5s] I78-canonical-dedupe KILLED (text)
[  411.3s] I79-byte-budget KILLED (text)
[  414.7s] I80-unknown-volume KILLED (text)
[  418.8s] I81-unicode-fold KILLED (text)
[  423.0s] I82-entry-budget KILLED (text)
[  426.7s] R4-01-unread-metadata-declines KILLED (text)
[  430.7s] R4-02-outside-link-declines KILLED (text)
[  434.5s] R4-03-non-source-declines KILLED (text)
[  439.7s] R4-04-non-utf8-declines KILLED (text)
[  443.3s] R4-05-malformed-wildcard KILLED (text)
[  447.9s] R4-06-skipped-type-unsafe KILLED (text)
[  452.0s] R4-07-opaque-package-declines KILLED (text)
[  456.8s] R4-08-dropped-import-decline KILLED (text)
[  461.5s] R4-09-dropped-ancestor-decline KILLED (text)
[  465.4s] R4-10-skip-counter KILLED (text)
[  468.9s] R4-11-unread-file-declines KILLED (text)
[  472.5s] R4-12-unread-dir-declines KILLED (text)
[  475.9s] R4-13-non-regular-declines KILLED (text)
[  479.5s] R4-14-non-utf8-path-declines KILLED (text)
[  483.0s] R4-15-duplicate-scan-inventory KILLED (text)
[  486.5s] R4-16-duplicate-fold-inventory KILLED (text)
[  490.0s] R4-17-no-canonical-case-collision KILLED (text)
[  493.4s] R4-18-unread-walk-declines KILLED (text)
[  496.9s] R4-19-duplicate-file-coverage KILLED (text)
[  500.4s] R4-20-duplicate-indexed-read-receipt KILLED (text)
[  505.4s] R4-21-drop-valid-redirect-with-malformed-sibling KILLED (text)
[  509.7s] R4-22-project-all-modules KILLED (text)
[  513.5s] R4-23-project-wrong-allowjs-roots KILLED (text)
[  513.6s] TOTAL killed 93/93 admissible 93 timings {'source_baseline_build': 11.55, 'source_baseline': 3.91, 'text_mode': 493.9, 'total': 513.59}
real 513.64
user 548.25
sys 236.56
