[    0.0s] AUTHORITATIVE 93 mutants in 1 lane file(s); selected 93
[   11.4s] AUTHORITATIVE source baseline 54 selectors, 0 inadmissible mutants
[   11.9s] AUTHORITATIVE text worker 1/2: 47 mutants, seed=apfs-clone
[   11.9s] AUTHORITATIVE text worker 2/2: 46 mutants, seed=apfs-clone
[   27.7s] AUTHORITATIVE I01-no-config-fingerprint KILLED (text)
[   27.8s] AUTHORITATIVE I02-no-post-merge-map KILLED (text)
[   32.6s] AUTHORITATIVE I04-no-binding-position-guard KILLED (text)
[   33.0s] AUTHORITATIVE I03-no-span-requirement KILLED (text)
[   37.5s] AUTHORITATIVE I06-all-file-occupancy KILLED (text)
[   37.7s] AUTHORITATIVE I05-no-skipped-star-guard KILLED (text)
[   42.2s] AUTHORITATIVE I08-no-opaque-star-guard KILLED (text)
[   42.4s] AUTHORITATIVE I07-no-proven-empty-facts KILLED (text)
[   46.9s] AUTHORITATIVE I10-trim-alias-cache-key KILLED (text)
[   47.0s] AUTHORITATIVE I09-ignore-skipped-declaration-name KILLED (text)
[   51.6s] AUTHORITATIVE I11-taint-namespace-terminal KILLED (text)
[   53.1s] AUTHORITATIVE I12-legacy-alias-hop-table KILLED (text)
[   57.9s] AUTHORITATIVE I13-no-probe-occupancy KILLED (text)
[   63.9s] AUTHORITATIVE I15-no-js-hop-cut KILLED (text)
[   67.0s] AUTHORITATIVE I14-last-config-wins KILLED (text)
[   68.7s] AUTHORITATIVE I17-no-project-reference-cut KILLED (text)
[   73.7s] AUTHORITATIVE I19-no-ambient-read-occupancy KILLED (text)
[   74.0s] AUTHORITATIVE I16-no-config-types-cut KILLED (text)
[   78.8s] AUTHORITATIVE I18-no-ambient-content-hash KILLED (text)
[   79.0s] AUTHORITATIVE I21-no-typeRoots-coverage KILLED (text)
[   84.2s] AUTHORITATIVE I23-no-reference-types-arm KILLED (text)
[   85.6s] AUTHORITATIVE I20-no-js-module-cut KILLED (text)
[   92.4s] AUTHORITATIVE I22-no-reference-path-arm KILLED (text)
[   97.7s] AUTHORITATIVE I24-no-reference-closure KILLED (text)
[  100.1s] AUTHORITATIVE I27-global-export-priming KILLED (text)
[  103.2s] AUTHORITATIVE I28-no-reachable-export-priming KILLED (text)
[  105.9s] AUTHORITATIVE I29-no-package-types KILLED (text)
[  109.3s] AUTHORITATIVE I30-no-package-typings KILLED (text)
[  110.7s] AUTHORITATIVE I31-no-package-typesVersions KILLED (text)
[  114.5s] AUTHORITATIVE I32-broad-package-exports-cut KILLED (text)
[  115.7s] AUTHORITATIVE I34-absent-declines KILLED (text)
[  119.6s] AUTHORITATIVE I35-no-installed-ambient KILLED (text)
[  120.4s] AUTHORITATIVE I36-all-wildcards-match KILLED (text)
[  125.0s] AUTHORITATIVE I37-outside-is-absent KILLED (text)
[  125.5s] AUTHORITATIVE I38-no-secondary-type-lookup KILLED (text)
[  130.2s] AUTHORITATIVE I39-no-first-pass-dependencies KILLED (text)
[  130.7s] AUTHORITATIVE I40-restore-blanket-JS-cut KILLED (text)
[  135.6s] AUTHORITATIVE I42-no-node-index KILLED (text)
[  135.6s] AUTHORITATIVE I41-no-node-file KILLED (text)
[  141.1s] AUTHORITATIVE I44-no-module-types KILLED (text)
[  141.6s] AUTHORITATIVE I43-no-at-types KILLED (text)
[  146.6s] AUTHORITATIVE I45-no-module-typings KILLED (text)
[  147.2s] AUTHORITATIVE I46-no-module-versions KILLED (text)
[  151.6s] AUTHORITATIVE I47-no-module-typeRoots KILLED (text)
[  153.1s] AUTHORITATIVE I48-no-module-main KILLED (text)
[  157.9s] AUTHORITATIVE I49-no-JS-object-order KILLED (text)
[  159.0s] AUTHORITATIVE I50-no-last-duplicate-value KILLED (text)
[  163.9s] AUTHORITATIVE I51-range-u64-overflow KILLED (text)
[  165.1s] AUTHORITATIVE I52-relative-only-package-field KILLED (text)
[  169.6s] AUTHORITATIVE I53-relative-only-version-substitution KILLED (text)
[  170.5s] AUTHORITATIVE I54-remap-out-of-package-entry KILLED (text)
[  174.4s] AUTHORITATIVE I55-truthy-empty-exact-key KILLED (text)
[  175.3s] AUTHORITATIVE I56-no-paths-first-pass KILLED (text)
[  179.0s] AUTHORITATIVE I57-Rust-version-whitespace KILLED (text)
[  180.3s] AUTHORITATIVE I58-no-root-file-boundary KILLED (text)
[  185.3s] AUTHORITATIVE I59-no-physical-absence KILLED (text)
[  185.7s] AUTHORITATIVE I61-ancestor-named-types KILLED (text)
[  191.0s] AUTHORITATIVE I67-candidate-fold KILLED (text)
[  191.4s] AUTHORITATIVE I66-uppercase-suffix KILLED (text)
[  195.7s] AUTHORITATIVE I69-git-exclusion KILLED (text)
[  196.2s] AUTHORITATIVE I68-bin-exclusion KILLED (text)
[  200.5s] AUTHORITATIVE I72-large-source-bound KILLED (text)
[  200.9s] AUTHORITATIVE I71-internal-link KILLED (text)
[  205.5s] AUTHORITATIVE I74-tolerant-literal-exclusion KILLED (text)
[  205.9s] AUTHORITATIVE I73-declare-prefilter KILLED (text)
[  209.7s] AUTHORITATIVE I79-byte-budget KILLED (text)
[  211.5s] AUTHORITATIVE I78-canonical-dedupe KILLED (text)
[  214.3s] AUTHORITATIVE I81-unicode-fold KILLED (text)
[  217.6s] AUTHORITATIVE I80-unknown-volume KILLED (text)
[  219.1s] AUTHORITATIVE R4-01-unread-metadata-declines KILLED (text)
[  221.6s] AUTHORITATIVE I82-entry-budget KILLED (text)
[  223.0s] AUTHORITATIVE R4-03-non-source-declines KILLED (text)
[  225.5s] AUTHORITATIVE R4-02-outside-link-declines KILLED (text)
[  227.0s] AUTHORITATIVE R4-05-malformed-wildcard KILLED (text)
[  231.2s] AUTHORITATIVE R4-04-non-utf8-declines KILLED (text)
[  232.5s] AUTHORITATIVE R4-07-opaque-package-declines KILLED (text)
[  236.2s] AUTHORITATIVE R4-06-skipped-type-unsafe KILLED (text)
[  237.5s] AUTHORITATIVE R4-09-dropped-ancestor-decline KILLED (text)
[  241.5s] AUTHORITATIVE R4-08-dropped-import-decline KILLED (text)
[  241.9s] AUTHORITATIVE R4-11-unread-file-declines KILLED (text)
[  246.5s] AUTHORITATIVE R4-13-non-regular-declines KILLED (text)
[  246.6s] AUTHORITATIVE R4-10-skip-counter KILLED (text)
[  250.7s] AUTHORITATIVE R4-15-duplicate-scan-inventory KILLED (text)
[  250.9s] AUTHORITATIVE R4-12-unread-dir-declines KILLED (text)
[  255.3s] AUTHORITATIVE R4-17-no-canonical-case-collision KILLED (text)
[  255.7s] AUTHORITATIVE R4-14-non-utf8-path-declines KILLED (text)
[  259.5s] AUTHORITATIVE R4-19-duplicate-file-coverage KILLED (text)
[  260.0s] AUTHORITATIVE R4-16-duplicate-fold-inventory KILLED (text)
[  264.3s] AUTHORITATIVE R4-18-unread-walk-declines KILLED (text)
[  265.4s] AUTHORITATIVE R4-21-drop-valid-redirect-with-malformed-sibling KILLED (text)
[  268.4s] AUTHORITATIVE R4-20-duplicate-indexed-read-receipt KILLED (text)
[  270.1s] AUTHORITATIVE R4-23-project-wrong-allowjs-roots KILLED (text)
[  272.5s] AUTHORITATIVE R4-22-project-all-modules KILLED (text)
[  273.0s] AUTHORITATIVE TOTAL killed 93/93 admissible 93 timings {'source_baseline_build': 0.17, 'source_baseline': 11.2, 'text_mode': 261.5, 'total': 273.01}
