[    0.0s] AUTHORITATIVE 93 mutants in 1 lane file(s); selected 93
[   10.4s] AUTHORITATIVE source baseline 54 selectors, 0 inadmissible mutants
[   10.7s] AUTHORITATIVE text worker 1/1: 93 mutants, seed=apfs-clone
[   23.9s] AUTHORITATIVE I01-no-config-fingerprint KILLED (text)
[   28.3s] AUTHORITATIVE I02-no-post-merge-map KILLED (text)
[   32.6s] AUTHORITATIVE I03-no-span-requirement KILLED (text)
[   36.8s] AUTHORITATIVE I04-no-binding-position-guard KILLED (text)
[   40.9s] AUTHORITATIVE I05-no-skipped-star-guard KILLED (text)
[   45.3s] AUTHORITATIVE I06-all-file-occupancy KILLED (text)
[   49.8s] AUTHORITATIVE I07-no-proven-empty-facts KILLED (text)
[   54.0s] AUTHORITATIVE I08-no-opaque-star-guard KILLED (text)
[   58.2s] AUTHORITATIVE I09-ignore-skipped-declaration-name KILLED (text)
[   62.4s] AUTHORITATIVE I10-trim-alias-cache-key KILLED (text)
[   66.8s] AUTHORITATIVE I11-taint-namespace-terminal KILLED (text)
[   72.5s] AUTHORITATIVE I12-legacy-alias-hop-table KILLED (text)
[   78.4s] AUTHORITATIVE I13-no-probe-occupancy KILLED (text)
[   91.0s] AUTHORITATIVE I14-last-config-wins KILLED (text)
[   97.5s] AUTHORITATIVE I15-no-js-hop-cut KILLED (text)
[  101.6s] AUTHORITATIVE I16-no-config-types-cut KILLED (text)
[  106.1s] AUTHORITATIVE I17-no-project-reference-cut KILLED (text)
[  110.4s] AUTHORITATIVE I18-no-ambient-content-hash KILLED (text)
[  114.5s] AUTHORITATIVE I19-no-ambient-read-occupancy KILLED (text)
[  120.3s] AUTHORITATIVE I20-no-js-module-cut KILLED (text)
[  125.9s] AUTHORITATIVE I21-no-typeRoots-coverage KILLED (text)
[  130.3s] AUTHORITATIVE I22-no-reference-path-arm KILLED (text)
[  134.3s] AUTHORITATIVE I23-no-reference-types-arm KILLED (text)
[  139.3s] AUTHORITATIVE I24-no-reference-closure KILLED (text)
[  143.9s] AUTHORITATIVE I27-global-export-priming KILLED (text)
[  147.7s] AUTHORITATIVE I28-no-reachable-export-priming KILLED (text)
[  152.7s] AUTHORITATIVE I29-no-package-types KILLED (text)
[  156.7s] AUTHORITATIVE I30-no-package-typings KILLED (text)
[  160.8s] AUTHORITATIVE I31-no-package-typesVersions KILLED (text)
[  164.9s] AUTHORITATIVE I32-broad-package-exports-cut KILLED (text)
[  169.0s] AUTHORITATIVE I34-absent-declines KILLED (text)
[  173.5s] AUTHORITATIVE I35-no-installed-ambient KILLED (text)
[  178.0s] AUTHORITATIVE I36-all-wildcards-match KILLED (text)
[  182.0s] AUTHORITATIVE I37-outside-is-absent KILLED (text)
[  186.2s] AUTHORITATIVE I38-no-secondary-type-lookup KILLED (text)
[  190.5s] AUTHORITATIVE I39-no-first-pass-dependencies KILLED (text)
[  195.8s] AUTHORITATIVE I40-restore-blanket-JS-cut KILLED (text)
[  199.9s] AUTHORITATIVE I41-no-node-file KILLED (text)
[  203.9s] AUTHORITATIVE I42-no-node-index KILLED (text)
[  208.3s] AUTHORITATIVE I43-no-at-types KILLED (text)
[  212.6s] AUTHORITATIVE I44-no-module-types KILLED (text)
[  216.7s] AUTHORITATIVE I45-no-module-typings KILLED (text)
[  222.0s] AUTHORITATIVE I46-no-module-versions KILLED (text)
[  227.2s] AUTHORITATIVE I47-no-module-typeRoots KILLED (text)
[  231.5s] AUTHORITATIVE I48-no-module-main KILLED (text)
[  236.0s] AUTHORITATIVE I49-no-JS-object-order KILLED (text)
[  240.6s] AUTHORITATIVE I50-no-last-duplicate-value KILLED (text)
[  245.0s] AUTHORITATIVE I51-range-u64-overflow KILLED (text)
[  249.3s] AUTHORITATIVE I52-relative-only-package-field KILLED (text)
[  253.5s] AUTHORITATIVE I53-relative-only-version-substitution KILLED (text)
[  257.6s] AUTHORITATIVE I54-remap-out-of-package-entry KILLED (text)
[  261.8s] AUTHORITATIVE I55-truthy-empty-exact-key KILLED (text)
[  265.9s] AUTHORITATIVE I56-no-paths-first-pass KILLED (text)
[  270.1s] AUTHORITATIVE I57-Rust-version-whitespace KILLED (text)
[  274.4s] AUTHORITATIVE I58-no-root-file-boundary KILLED (text)
[  280.1s] AUTHORITATIVE I59-no-physical-absence KILLED (text)
[  286.0s] AUTHORITATIVE I61-ancestor-named-types KILLED (text)
[  290.9s] AUTHORITATIVE I66-uppercase-suffix KILLED (text)
[  295.1s] AUTHORITATIVE I67-candidate-fold KILLED (text)
[  299.6s] AUTHORITATIVE I68-bin-exclusion KILLED (text)
[  304.1s] AUTHORITATIVE I69-git-exclusion KILLED (text)
[  308.7s] AUTHORITATIVE I71-internal-link KILLED (text)
[  313.0s] AUTHORITATIVE I72-large-source-bound KILLED (text)
[  317.6s] AUTHORITATIVE I73-declare-prefilter KILLED (text)
[  322.6s] AUTHORITATIVE I74-tolerant-literal-exclusion KILLED (text)
[  327.9s] AUTHORITATIVE I78-canonical-dedupe KILLED (text)
[  332.8s] AUTHORITATIVE I79-byte-budget KILLED (text)
[  336.4s] AUTHORITATIVE I80-unknown-volume KILLED (text)
[  340.4s] AUTHORITATIVE I81-unicode-fold KILLED (text)
[  344.4s] AUTHORITATIVE I82-entry-budget KILLED (text)
[  347.9s] AUTHORITATIVE R4-01-unread-metadata-declines KILLED (text)
[  351.4s] AUTHORITATIVE R4-02-outside-link-declines KILLED (text)
[  354.9s] AUTHORITATIVE R4-03-non-source-declines KILLED (text)
[  360.1s] AUTHORITATIVE R4-04-non-utf8-declines KILLED (text)
[  363.7s] AUTHORITATIVE R4-05-malformed-wildcard KILLED (text)
[  368.1s] AUTHORITATIVE R4-06-skipped-type-unsafe KILLED (text)
[  372.2s] AUTHORITATIVE R4-07-opaque-package-declines KILLED (text)
[  376.9s] AUTHORITATIVE R4-08-dropped-import-decline KILLED (text)
[  381.7s] AUTHORITATIVE R4-09-dropped-ancestor-decline KILLED (text)
[  385.4s] AUTHORITATIVE R4-10-skip-counter KILLED (text)
[  391.2s] AUTHORITATIVE R4-11-unread-file-declines KILLED (text)
[  396.4s] AUTHORITATIVE R4-12-unread-dir-declines KILLED (text)
[  404.8s] AUTHORITATIVE R4-13-non-regular-declines KILLED (text)
[  411.7s] AUTHORITATIVE R4-14-non-utf8-path-declines KILLED (text)
[  418.2s] AUTHORITATIVE R4-15-duplicate-scan-inventory KILLED (text)
[  424.4s] AUTHORITATIVE R4-16-duplicate-fold-inventory KILLED (text)
[  432.4s] AUTHORITATIVE R4-17-no-canonical-case-collision KILLED (text)
[  439.2s] AUTHORITATIVE R4-18-unread-walk-declines KILLED (text)
[  446.1s] AUTHORITATIVE R4-19-duplicate-file-coverage KILLED (text)
[  455.6s] AUTHORITATIVE R4-20-duplicate-indexed-read-receipt KILLED (text)
[  464.4s] AUTHORITATIVE R4-21-drop-valid-redirect-with-malformed-sibling KILLED (text)
[  470.8s] AUTHORITATIVE R4-22-project-all-modules KILLED (text)
[  477.5s] AUTHORITATIVE R4-23-project-wrong-allowjs-roots KILLED (text)
[  478.0s] AUTHORITATIVE TOTAL killed 93/93 admissible 93 timings {'source_baseline_build': 0.14, 'source_baseline': 10.23, 'text_mode': 467.41, 'total': 477.96}
time: sysctl kern.clockrate: Operation not permitted
