[    0.0s] 93 mutants in 1 lane file(s); selected 93
[   20.5s] source baseline 54 selectors, 0 inadmissible mutants
[   27.6s] I01-no-config-fingerprint KILLED (text)
[   33.4s] I02-no-post-merge-map KILLED (text)
[   38.7s] I03-no-span-requirement KILLED (text)
[   43.8s] I04-no-binding-position-guard KILLED (text)
[   49.2s] I05-no-skipped-star-guard KILLED (text)
[   54.5s] I06-all-file-occupancy KILLED (text)
[   60.2s] I07-no-proven-empty-facts KILLED (text)
[   65.1s] I08-no-opaque-star-guard KILLED (text)
[   69.9s] I09-ignore-skipped-declaration-name KILLED (text)
[   74.6s] I10-trim-alias-cache-key KILLED (text)
[   79.1s] I11-taint-namespace-terminal KILLED (text)
[   85.5s] I12-legacy-alias-hop-table KILLED (text)
[   93.4s] I13-no-probe-occupancy KILLED (text)
[   99.8s] I14-last-config-wins KILLED (text)
[  108.5s] I15-no-js-hop-cut KILLED (text)
[  113.8s] I16-no-config-types-cut KILLED (text)
[  119.2s] I17-no-project-reference-cut KILLED (text)
[  124.8s] I18-no-ambient-content-hash KILLED (text)
[  129.5s] I19-no-ambient-read-occupancy KILLED (text)
[  137.2s] I20-no-js-module-cut KILLED (text)
[  145.0s] I21-no-typeRoots-coverage KILLED (text)
[  149.9s] I22-no-reference-path-arm KILLED (text)
[  154.2s] I23-no-reference-types-arm KILLED (text)
[  159.8s] I24-no-reference-closure KILLED (text)
[  166.4s] I27-global-export-priming KILLED (text)
[  171.4s] I28-no-reachable-export-priming KILLED (text)
[  180.6s] I29-no-package-types KILLED (text)
[  185.6s] I30-no-package-typings KILLED (text)
[  190.8s] I31-no-package-typesVersions KILLED (text)
[  195.8s] I32-broad-package-exports-cut KILLED (text)
[  201.6s] I34-absent-declines KILLED (text)
[  206.8s] I35-no-installed-ambient KILLED (text)
[  212.0s] I36-all-wildcards-match KILLED (text)
[  216.7s] I37-outside-is-absent KILLED (text)
[  222.2s] I38-no-secondary-type-lookup KILLED (text)
[  227.8s] I39-no-first-pass-dependencies KILLED (text)
[  234.6s] I40-restore-blanket-JS-cut KILLED (text)
[  243.9s] I41-no-node-file KILLED (text)
[  253.8s] I42-no-node-index KILLED (text)
[  267.5s] I43-no-at-types KILLED (text)
[  279.0s] I44-no-module-types KILLED (text)
[  290.7s] I45-no-module-typings KILLED (text)
[  305.2s] I46-no-module-versions KILLED (text)
[  319.0s] I47-no-module-typeRoots KILLED (text)
[  331.4s] I48-no-module-main KILLED (text)
[  341.3s] I49-no-JS-object-order KILLED (text)
[  349.7s] I50-no-last-duplicate-value KILLED (text)
[  356.7s] I51-range-u64-overflow KILLED (text)
[  365.1s] I52-relative-only-package-field KILLED (text)
[  373.3s] I53-relative-only-version-substitution KILLED (text)
[  384.3s] I54-remap-out-of-package-entry KILLED (text)
[  394.9s] I55-truthy-empty-exact-key KILLED (text)
[  402.8s] I56-no-paths-first-pass KILLED (text)
[  408.6s] I57-Rust-version-whitespace KILLED (text)
[  414.7s] I58-no-root-file-boundary KILLED (text)
[  421.6s] I59-no-physical-absence KILLED (text)
[  427.5s] I61-ancestor-named-types KILLED (text)
[  432.4s] I66-uppercase-suffix KILLED (text)
[  436.7s] I67-candidate-fold KILLED (text)
[  441.6s] I68-bin-exclusion KILLED (text)
[  446.2s] I69-git-exclusion KILLED (text)
[  451.2s] I71-internal-link KILLED (text)
[  456.2s] I72-large-source-bound KILLED (text)
[  462.8s] I73-declare-prefilter KILLED (text)
[  475.6s] I74-tolerant-literal-exclusion KILLED (text)
[  493.3s] I78-canonical-dedupe KILLED (text)
[  506.4s] I79-byte-budget KILLED (text)
[  515.9s] I80-unknown-volume KILLED (text)
[  528.4s] I81-unicode-fold KILLED (text)
[  542.0s] I82-entry-budget KILLED (text)
[  551.2s] R4-01-unread-metadata-declines KILLED (text)
[  566.2s] R4-02-outside-link-declines KILLED (text)
[  576.1s] R4-03-non-source-declines KILLED (text)
[  589.4s] R4-04-non-utf8-declines KILLED (text)
[  601.2s] R4-05-malformed-wildcard KILLED (text)
[  615.8s] R4-06-skipped-type-unsafe KILLED (text)
[  626.3s] R4-07-opaque-package-declines KILLED (text)
[  640.1s] R4-08-dropped-import-decline KILLED (text)
[  653.2s] R4-09-dropped-ancestor-decline KILLED (text)
[  663.6s] R4-10-skip-counter KILLED (text)
[  668.0s] R4-11-unread-file-declines KILLED (text)
[  672.5s] R4-12-unread-dir-declines KILLED (text)
[  677.0s] R4-13-non-regular-declines KILLED (text)
[  681.3s] R4-14-non-utf8-path-declines KILLED (text)
[  685.8s] R4-15-duplicate-scan-inventory KILLED (text)
[  690.2s] R4-16-duplicate-fold-inventory KILLED (text)
[  694.6s] R4-17-no-canonical-case-collision KILLED (text)
[  698.4s] R4-18-unread-walk-declines KILLED (text)
[  702.3s] R4-19-duplicate-file-coverage KILLED (text)
[  707.1s] R4-20-duplicate-indexed-read-receipt KILLED (text)
[  713.3s] R4-21-drop-valid-redirect-with-malformed-sibling KILLED (text)
[  719.2s] R4-22-project-all-modules KILLED (text)
[  724.3s] R4-23-project-wrong-allowjs-roots KILLED (text)
[  724.6s] TOTAL killed 93/93 admissible 93 timings {'source_baseline_build': 16.76, 'source_baseline': 2.34, 'text_mode': 703.79, 'total': 724.58}
real 724.59
user 648.43
sys 218.46
