[    0.0s] AUTHORITATIVE 93 mutants in 1 lane file(s); selected 93
[    3.4s] AUTHORITATIVE source baseline 54 selectors, 0 inadmissible mutants
[    4.4s] AUTHORITATIVE text worker 3/4: 23 mutants, seed=apfs-clone
[    4.4s] AUTHORITATIVE text worker 4/4: 23 mutants, seed=apfs-clone
[    4.4s] AUTHORITATIVE text worker 2/4: 23 mutants, seed=apfs-clone
[    4.4s] AUTHORITATIVE text worker 1/4: 24 mutants, seed=apfs-clone
[   39.7s] AUTHORITATIVE text worker 1: baseline 20 selectors, 0 inadmissible mutants
[   40.1s] AUTHORITATIVE text worker 2: baseline 22 selectors, 0 inadmissible mutants
[   40.4s] AUTHORITATIVE text worker 4: baseline 21 selectors, 0 inadmissible mutants
[   40.7s] AUTHORITATIVE text worker 3: baseline 21 selectors, 0 inadmissible mutants
[   47.3s] AUTHORITATIVE I02-no-post-merge-map KILLED (text)
[   47.3s] AUTHORITATIVE I01-no-config-fingerprint KILLED (text)
[   47.6s] AUTHORITATIVE I04-no-binding-position-guard KILLED (text)
[   48.3s] AUTHORITATIVE I03-no-span-requirement KILLED (text)
[   55.2s] AUTHORITATIVE I06-all-file-occupancy KILLED (text)
[   55.2s] AUTHORITATIVE I05-no-skipped-star-guard KILLED (text)
[   55.2s] AUTHORITATIVE I08-no-opaque-star-guard KILLED (text)
[   56.1s] AUTHORITATIVE I07-no-proven-empty-facts KILLED (text)
[   63.3s] AUTHORITATIVE I09-ignore-skipped-declaration-name KILLED (text)
[   63.5s] AUTHORITATIVE I11-taint-namespace-terminal KILLED (text)
[   63.7s] AUTHORITATIVE I10-trim-alias-cache-key KILLED (text)
[   65.1s] AUTHORITATIVE I12-legacy-alias-hop-table KILLED (text)
[   69.3s] AUTHORITATIVE I14-last-config-wins KILLED (text)
[   69.5s] AUTHORITATIVE I15-no-js-hop-cut KILLED (text)
[   71.7s] AUTHORITATIVE I13-no-probe-occupancy KILLED (text)
[   73.9s] AUTHORITATIVE I16-no-config-types-cut KILLED (text)
[   75.4s] AUTHORITATIVE I19-no-ambient-read-occupancy KILLED (text)
[   75.9s] AUTHORITATIVE I18-no-ambient-content-hash KILLED (text)
[   80.5s] AUTHORITATIVE I17-no-project-reference-cut KILLED (text)
[   82.5s] AUTHORITATIVE I23-no-reference-types-arm KILLED (text)
[   82.6s] AUTHORITATIVE I22-no-reference-path-arm KILLED (text)
[   83.4s] AUTHORITATIVE I20-no-js-module-cut KILLED (text)
[   87.1s] AUTHORITATIVE I21-no-typeRoots-coverage KILLED (text)
[   88.4s] AUTHORITATIVE I29-no-package-types KILLED (text)
[   88.8s] AUTHORITATIVE I28-no-reachable-export-priming KILLED (text)
[   92.3s] AUTHORITATIVE I24-no-reference-closure KILLED (text)
[   93.0s] AUTHORITATIVE I27-global-export-priming KILLED (text)
[   95.0s] AUTHORITATIVE I34-absent-declines KILLED (text)
[   96.1s] AUTHORITATIVE I32-broad-package-exports-cut KILLED (text)
[  101.0s] AUTHORITATIVE I30-no-package-typings KILLED (text)
[  101.8s] AUTHORITATIVE I31-no-package-typesVersions KILLED (text)
[  103.2s] AUTHORITATIVE I38-no-secondary-type-lookup KILLED (text)
[  103.9s] AUTHORITATIVE I37-outside-is-absent KILLED (text)
[  109.0s] AUTHORITATIVE I36-all-wildcards-match KILLED (text)
[  109.1s] AUTHORITATIVE I35-no-installed-ambient KILLED (text)
[  110.8s] AUTHORITATIVE I42-no-node-index KILLED (text)
[  111.6s] AUTHORITATIVE I41-no-node-file KILLED (text)
[  115.2s] AUTHORITATIVE I39-no-first-pass-dependencies KILLED (text)
[  115.3s] AUTHORITATIVE I40-restore-blanket-JS-cut KILLED (text)
[  118.5s] AUTHORITATIVE I45-no-module-typings KILLED (text)
[  119.0s] AUTHORITATIVE I46-no-module-versions KILLED (text)
[  121.5s] AUTHORITATIVE I44-no-module-types KILLED (text)
[  122.3s] AUTHORITATIVE I43-no-at-types KILLED (text)
[  125.4s] AUTHORITATIVE I49-no-JS-object-order KILLED (text)
[  126.9s] AUTHORITATIVE I50-no-last-duplicate-value KILLED (text)
[  128.1s] AUTHORITATIVE I48-no-module-main KILLED (text)
[  129.5s] AUTHORITATIVE I47-no-module-typeRoots KILLED (text)
[  132.4s] AUTHORITATIVE I53-relative-only-version-substitution KILLED (text)
[  133.6s] AUTHORITATIVE I54-remap-out-of-package-entry KILLED (text)
[  134.8s] AUTHORITATIVE I52-relative-only-package-field KILLED (text)
[  136.8s] AUTHORITATIVE I51-range-u64-overflow KILLED (text)
[  138.9s] AUTHORITATIVE I57-Rust-version-whitespace KILLED (text)
[  140.8s] AUTHORITATIVE I58-no-root-file-boundary KILLED (text)
[  141.8s] AUTHORITATIVE I56-no-paths-first-pass KILLED (text)
[  143.9s] AUTHORITATIVE I55-truthy-empty-exact-key KILLED (text)
[  145.8s] AUTHORITATIVE I66-uppercase-suffix KILLED (text)
[  147.8s] AUTHORITATIVE I67-candidate-fold KILLED (text)
[  149.9s] AUTHORITATIVE I61-ancestor-named-types KILLED (text)
[  153.0s] AUTHORITATIVE I71-internal-link KILLED (text)
[  153.4s] AUTHORITATIVE I59-no-physical-absence KILLED (text)
[  156.0s] AUTHORITATIVE I72-large-source-bound KILLED (text)
[  158.5s] AUTHORITATIVE I69-git-exclusion KILLED (text)
[  160.1s] AUTHORITATIVE I78-canonical-dedupe KILLED (text)
[  161.3s] AUTHORITATIVE I79-byte-budget KILLED (text)
[  161.8s] AUTHORITATIVE I68-bin-exclusion KILLED (text)
[  165.3s] AUTHORITATIVE I74-tolerant-literal-exclusion KILLED (text)
[  166.0s] AUTHORITATIVE R4-01-unread-metadata-declines KILLED (text)
[  166.6s] AUTHORITATIVE I82-entry-budget KILLED (text)
[  168.1s] AUTHORITATIVE I73-declare-prefilter KILLED (text)
[  170.3s] AUTHORITATIVE R4-05-malformed-wildcard KILLED (text)
[  170.9s] AUTHORITATIVE I81-unicode-fold KILLED (text)
[  173.4s] AUTHORITATIVE R4-04-non-utf8-declines KILLED (text)
[  173.6s] AUTHORITATIVE I80-unknown-volume KILLED (text)
[  176.1s] AUTHORITATIVE R4-03-non-source-declines KILLED (text)
[  176.8s] AUTHORITATIVE R4-09-dropped-ancestor-decline KILLED (text)
[  178.3s] AUTHORITATIVE R4-02-outside-link-declines KILLED (text)
[  180.3s] AUTHORITATIVE R4-08-dropped-import-decline KILLED (text)
[  181.9s] AUTHORITATIVE R4-13-non-regular-declines KILLED (text)
[  182.4s] AUTHORITATIVE R4-07-opaque-package-declines KILLED (text)
[  184.7s] AUTHORITATIVE R4-06-skipped-type-unsafe KILLED (text)
[  185.4s] AUTHORITATIVE R4-12-unread-dir-declines KILLED (text)
[  186.7s] AUTHORITATIVE R4-17-no-canonical-case-collision KILLED (text)
[  187.3s] AUTHORITATIVE R4-11-unread-file-declines KILLED (text)
[  189.7s] AUTHORITATIVE R4-10-skip-counter KILLED (text)
[  190.0s] AUTHORITATIVE R4-16-duplicate-fold-inventory KILLED (text)
[  192.1s] AUTHORITATIVE R4-15-duplicate-scan-inventory KILLED (text)
[  193.0s] AUTHORITATIVE R4-21-drop-valid-redirect-with-malformed-sibling KILLED (text)
[  194.0s] AUTHORITATIVE R4-14-non-utf8-path-declines KILLED (text)
[  194.4s] AUTHORITATIVE R4-20-duplicate-indexed-read-receipt KILLED (text)
[  196.1s] AUTHORITATIVE R4-19-duplicate-file-coverage KILLED (text)
[  197.8s] AUTHORITATIVE R4-18-unread-walk-declines KILLED (text)
[  200.1s] AUTHORITATIVE R4-23-project-wrong-allowjs-roots KILLED (text)
[  201.8s] AUTHORITATIVE R4-22-project-all-modules KILLED (text)
[  202.8s] AUTHORITATIVE TOTAL killed 93/93 admissible 93 timings {'source_baseline_build': 0.16, 'source_baseline': 3.22, 'text_mode': 199.3, 'total': 202.83}
