[    0.0s] AUTHORITATIVE 93 mutants in 1 lane file(s); selected 93
[   10.7s] AUTHORITATIVE source baseline 54 selectors, 0 inadmissible mutants
[   11.0s] AUTHORITATIVE text worker 1/1: 93 mutants, seed=apfs-clone
[   36.0s] AUTHORITATIVE text worker 1: baseline 54 selectors, 0 inadmissible mutants
[   40.9s] AUTHORITATIVE I01-no-config-fingerprint KILLED (text)
[   45.8s] AUTHORITATIVE I02-no-post-merge-map KILLED (text)
[   50.0s] AUTHORITATIVE I03-no-span-requirement KILLED (text)
[   54.3s] AUTHORITATIVE I04-no-binding-position-guard KILLED (text)
[   58.5s] AUTHORITATIVE I05-no-skipped-star-guard KILLED (text)
[   63.0s] AUTHORITATIVE I06-all-file-occupancy KILLED (text)
[   68.4s] AUTHORITATIVE I07-no-proven-empty-facts KILLED (text)
[   73.1s] AUTHORITATIVE I08-no-opaque-star-guard KILLED (text)
[   77.7s] AUTHORITATIVE I09-ignore-skipped-declaration-name KILLED (text)
[   83.4s] AUTHORITATIVE I10-trim-alias-cache-key KILLED (text)
[   89.5s] AUTHORITATIVE I11-taint-namespace-terminal KILLED (text)
[   99.8s] AUTHORITATIVE I12-legacy-alias-hop-table KILLED (text)
[  106.4s] AUTHORITATIVE I13-no-probe-occupancy KILLED (text)
[  110.8s] AUTHORITATIVE I14-last-config-wins KILLED (text)
[  118.7s] AUTHORITATIVE I15-no-js-hop-cut KILLED (text)
[  124.5s] AUTHORITATIVE I16-no-config-types-cut KILLED (text)
[  130.1s] AUTHORITATIVE I17-no-project-reference-cut KILLED (text)
[  135.6s] AUTHORITATIVE I18-no-ambient-content-hash KILLED (text)
[  140.2s] AUTHORITATIVE I19-no-ambient-read-occupancy KILLED (text)
[  146.6s] AUTHORITATIVE I20-no-js-module-cut KILLED (text)
[  152.8s] AUTHORITATIVE I21-no-typeRoots-coverage KILLED (text)
[  157.5s] AUTHORITATIVE I22-no-reference-path-arm KILLED (text)
[  161.8s] AUTHORITATIVE I23-no-reference-types-arm KILLED (text)
[  166.5s] AUTHORITATIVE I24-no-reference-closure KILLED (text)
[  170.3s] AUTHORITATIVE I27-global-export-priming KILLED (text)
[  174.1s] AUTHORITATIVE I28-no-reachable-export-priming KILLED (text)
[  178.7s] AUTHORITATIVE I29-no-package-types KILLED (text)
[  182.7s] AUTHORITATIVE I30-no-package-typings KILLED (text)
[  186.8s] AUTHORITATIVE I31-no-package-typesVersions KILLED (text)
[  190.9s] AUTHORITATIVE I32-broad-package-exports-cut KILLED (text)
[  194.9s] AUTHORITATIVE I34-absent-declines KILLED (text)
[  199.5s] AUTHORITATIVE I35-no-installed-ambient KILLED (text)
[  204.0s] AUTHORITATIVE I36-all-wildcards-match KILLED (text)
[  208.1s] AUTHORITATIVE I37-outside-is-absent KILLED (text)
[  212.3s] AUTHORITATIVE I38-no-secondary-type-lookup KILLED (text)
[  216.0s] AUTHORITATIVE I39-no-first-pass-dependencies KILLED (text)
[  220.3s] AUTHORITATIVE I40-restore-blanket-JS-cut KILLED (text)
[  224.4s] AUTHORITATIVE I41-no-node-file KILLED (text)
[  228.4s] AUTHORITATIVE I42-no-node-index KILLED (text)
[  232.8s] AUTHORITATIVE I43-no-at-types KILLED (text)
[  237.2s] AUTHORITATIVE I44-no-module-types KILLED (text)
[  241.3s] AUTHORITATIVE I45-no-module-typings KILLED (text)
[  246.8s] AUTHORITATIVE I46-no-module-versions KILLED (text)
[  252.1s] AUTHORITATIVE I47-no-module-typeRoots KILLED (text)
[  256.6s] AUTHORITATIVE I48-no-module-main KILLED (text)
[  261.2s] AUTHORITATIVE I49-no-JS-object-order KILLED (text)
[  265.7s] AUTHORITATIVE I50-no-last-duplicate-value KILLED (text)
[  270.2s] AUTHORITATIVE I51-range-u64-overflow KILLED (text)
[  274.6s] AUTHORITATIVE I52-relative-only-package-field KILLED (text)
[  278.8s] AUTHORITATIVE I53-relative-only-version-substitution KILLED (text)
[  282.9s] AUTHORITATIVE I54-remap-out-of-package-entry KILLED (text)
[  287.1s] AUTHORITATIVE I55-truthy-empty-exact-key KILLED (text)
[  291.3s] AUTHORITATIVE I56-no-paths-first-pass KILLED (text)
[  295.5s] AUTHORITATIVE I57-Rust-version-whitespace KILLED (text)
[  300.0s] AUTHORITATIVE I58-no-root-file-boundary KILLED (text)
[  306.3s] AUTHORITATIVE I59-no-physical-absence KILLED (text)
[  312.3s] AUTHORITATIVE I61-ancestor-named-types KILLED (text)
[  317.4s] AUTHORITATIVE I66-uppercase-suffix KILLED (text)
[  321.7s] AUTHORITATIVE I67-candidate-fold KILLED (text)
[  326.2s] AUTHORITATIVE I68-bin-exclusion KILLED (text)
[  330.7s] AUTHORITATIVE I69-git-exclusion KILLED (text)
[  335.2s] AUTHORITATIVE I71-internal-link KILLED (text)
[  339.7s] AUTHORITATIVE I72-large-source-bound KILLED (text)
[  345.4s] AUTHORITATIVE I73-declare-prefilter KILLED (text)
[  351.4s] AUTHORITATIVE I74-tolerant-literal-exclusion KILLED (text)
[  357.1s] AUTHORITATIVE I78-canonical-dedupe KILLED (text)
[  362.1s] AUTHORITATIVE I79-byte-budget KILLED (text)
[  365.8s] AUTHORITATIVE I80-unknown-volume KILLED (text)
[  370.0s] AUTHORITATIVE I81-unicode-fold KILLED (text)
[  374.7s] AUTHORITATIVE I82-entry-budget KILLED (text)
[  379.8s] AUTHORITATIVE R4-01-unread-metadata-declines KILLED (text)
[  384.7s] AUTHORITATIVE R4-02-outside-link-declines KILLED (text)
[  389.5s] AUTHORITATIVE R4-03-non-source-declines KILLED (text)
[  395.9s] AUTHORITATIVE R4-04-non-utf8-declines KILLED (text)
[  399.9s] AUTHORITATIVE R4-05-malformed-wildcard KILLED (text)
[  405.0s] AUTHORITATIVE R4-06-skipped-type-unsafe KILLED (text)
[  409.6s] AUTHORITATIVE R4-07-opaque-package-declines KILLED (text)
[  414.9s] AUTHORITATIVE R4-08-dropped-import-decline KILLED (text)
[  420.1s] AUTHORITATIVE R4-09-dropped-ancestor-decline KILLED (text)
[  423.8s] AUTHORITATIVE R4-10-skip-counter KILLED (text)
[  427.3s] AUTHORITATIVE R4-11-unread-file-declines KILLED (text)
[  430.9s] AUTHORITATIVE R4-12-unread-dir-declines KILLED (text)
[  434.4s] AUTHORITATIVE R4-13-non-regular-declines KILLED (text)
[  438.0s] AUTHORITATIVE R4-14-non-utf8-path-declines KILLED (text)
[  441.5s] AUTHORITATIVE R4-15-duplicate-scan-inventory KILLED (text)
[  445.0s] AUTHORITATIVE R4-16-duplicate-fold-inventory KILLED (text)
[  448.6s] AUTHORITATIVE R4-17-no-canonical-case-collision KILLED (text)
[  452.1s] AUTHORITATIVE R4-18-unread-walk-declines KILLED (text)
[  455.6s] AUTHORITATIVE R4-19-duplicate-file-coverage KILLED (text)
[  459.1s] AUTHORITATIVE R4-20-duplicate-indexed-read-receipt KILLED (text)
[  463.5s] AUTHORITATIVE R4-21-drop-valid-redirect-with-malformed-sibling KILLED (text)
[  467.3s] AUTHORITATIVE R4-22-project-all-modules KILLED (text)
[  471.1s] AUTHORITATIVE R4-23-project-wrong-allowjs-roots KILLED (text)
[  471.4s] AUTHORITATIVE TOTAL killed 93/93 admissible 93 timings {'source_baseline_build': 0.1, 'source_baseline': 10.57, 'text_mode': 460.63, 'total': 471.43}
