[    0.0s] AUTHORITATIVE 93 mutants in 1 lane file(s); selected 93
[    5.7s] AUTHORITATIVE source baseline 54 selectors, 0 inadmissible mutants
[    6.1s] AUTHORITATIVE text worker 2/2: 46 mutants, seed=apfs-clone
[    6.1s] AUTHORITATIVE text worker 1/2: 47 mutants, seed=apfs-clone
[   32.6s] AUTHORITATIVE text worker 2: baseline 35 selectors, 0 inadmissible mutants
[   33.0s] AUTHORITATIVE text worker 1: baseline 34 selectors, 0 inadmissible mutants
[   39.1s] AUTHORITATIVE I02-no-post-merge-map KILLED (text)
[   39.4s] AUTHORITATIVE I01-no-config-fingerprint KILLED (text)
[   44.2s] AUTHORITATIVE I04-no-binding-position-guard KILLED (text)
[   44.8s] AUTHORITATIVE I03-no-span-requirement KILLED (text)
[   49.6s] AUTHORITATIVE I06-all-file-occupancy KILLED (text)
[   49.8s] AUTHORITATIVE I05-no-skipped-star-guard KILLED (text)
[   54.6s] AUTHORITATIVE I08-no-opaque-star-guard KILLED (text)
[   54.8s] AUTHORITATIVE I07-no-proven-empty-facts KILLED (text)
[   59.3s] AUTHORITATIVE I10-trim-alias-cache-key KILLED (text)
[   59.6s] AUTHORITATIVE I09-ignore-skipped-declaration-name KILLED (text)
[   64.2s] AUTHORITATIVE I11-taint-namespace-terminal KILLED (text)
[   65.6s] AUTHORITATIVE I12-legacy-alias-hop-table KILLED (text)
[   70.4s] AUTHORITATIVE I14-last-config-wins KILLED (text)
[   71.0s] AUTHORITATIVE I13-no-probe-occupancy KILLED (text)
[   77.2s] AUTHORITATIVE I16-no-config-types-cut KILLED (text)
[   77.3s] AUTHORITATIVE I15-no-js-hop-cut KILLED (text)
[   82.6s] AUTHORITATIVE I18-no-ambient-content-hash KILLED (text)
[   82.7s] AUTHORITATIVE I17-no-project-reference-cut KILLED (text)
[   87.5s] AUTHORITATIVE I19-no-ambient-read-occupancy KILLED (text)
[   89.0s] AUTHORITATIVE I20-no-js-module-cut KILLED (text)
[   92.4s] AUTHORITATIVE I21-no-typeRoots-coverage KILLED (text)
[   95.2s] AUTHORITATIVE I22-no-reference-path-arm KILLED (text)
[   97.4s] AUTHORITATIVE I23-no-reference-types-arm KILLED (text)
[  100.6s] AUTHORITATIVE I24-no-reference-closure KILLED (text)
[  102.2s] AUTHORITATIVE I27-global-export-priming KILLED (text)
[  105.7s] AUTHORITATIVE I28-no-reachable-export-priming KILLED (text)
[  107.6s] AUTHORITATIVE I29-no-package-types KILLED (text)
[  112.3s] AUTHORITATIVE I30-no-package-typings KILLED (text)
[  112.8s] AUTHORITATIVE I31-no-package-typesVersions KILLED (text)
[  117.2s] AUTHORITATIVE I32-broad-package-exports-cut KILLED (text)
[  117.4s] AUTHORITATIVE I34-absent-declines KILLED (text)
[  122.3s] AUTHORITATIVE I36-all-wildcards-match KILLED (text)
[  122.7s] AUTHORITATIVE I35-no-installed-ambient KILLED (text)
[  128.0s] AUTHORITATIVE I38-no-secondary-type-lookup KILLED (text)
[  128.7s] AUTHORITATIVE I37-outside-is-absent KILLED (text)
[  133.3s] AUTHORITATIVE I40-restore-blanket-JS-cut KILLED (text)
[  133.8s] AUTHORITATIVE I39-no-first-pass-dependencies KILLED (text)
[  138.9s] AUTHORITATIVE I42-no-node-index KILLED (text)
[  139.6s] AUTHORITATIVE I41-no-node-file KILLED (text)
[  145.1s] AUTHORITATIVE I44-no-module-types KILLED (text)
[  146.0s] AUTHORITATIVE I43-no-at-types KILLED (text)
[  152.7s] AUTHORITATIVE I46-no-module-versions KILLED (text)
[  153.1s] AUTHORITATIVE I45-no-module-typings KILLED (text)
[  159.3s] AUTHORITATIVE I47-no-module-typeRoots KILLED (text)
[  161.6s] AUTHORITATIVE I48-no-module-main KILLED (text)
[  165.5s] AUTHORITATIVE I49-no-JS-object-order KILLED (text)
[  167.2s] AUTHORITATIVE I50-no-last-duplicate-value KILLED (text)
[  172.1s] AUTHORITATIVE I51-range-u64-overflow KILLED (text)
[  173.1s] AUTHORITATIVE I52-relative-only-package-field KILLED (text)
[  176.9s] AUTHORITATIVE I53-relative-only-version-substitution KILLED (text)
[  177.7s] AUTHORITATIVE I54-remap-out-of-package-entry KILLED (text)
[  181.4s] AUTHORITATIVE I55-truthy-empty-exact-key KILLED (text)
[  182.3s] AUTHORITATIVE I56-no-paths-first-pass KILLED (text)
[  185.7s] AUTHORITATIVE I57-Rust-version-whitespace KILLED (text)
[  187.0s] AUTHORITATIVE I58-no-root-file-boundary KILLED (text)
[  191.9s] AUTHORITATIVE I59-no-physical-absence KILLED (text)
[  192.4s] AUTHORITATIVE I61-ancestor-named-types KILLED (text)
[  197.7s] AUTHORITATIVE I67-candidate-fold KILLED (text)
[  198.0s] AUTHORITATIVE I66-uppercase-suffix KILLED (text)
[  202.4s] AUTHORITATIVE I69-git-exclusion KILLED (text)
[  202.8s] AUTHORITATIVE I68-bin-exclusion KILLED (text)
[  207.2s] AUTHORITATIVE I72-large-source-bound KILLED (text)
[  207.6s] AUTHORITATIVE I71-internal-link KILLED (text)
[  212.1s] AUTHORITATIVE I74-tolerant-literal-exclusion KILLED (text)
[  212.5s] AUTHORITATIVE I73-declare-prefilter KILLED (text)
[  216.3s] AUTHORITATIVE I79-byte-budget KILLED (text)
[  218.2s] AUTHORITATIVE I78-canonical-dedupe KILLED (text)
[  220.6s] AUTHORITATIVE I81-unicode-fold KILLED (text)
[  223.3s] AUTHORITATIVE I80-unknown-volume KILLED (text)
[  224.9s] AUTHORITATIVE R4-01-unread-metadata-declines KILLED (text)
[  227.0s] AUTHORITATIVE I82-entry-budget KILLED (text)
[  228.6s] AUTHORITATIVE R4-03-non-source-declines KILLED (text)
[  231.1s] AUTHORITATIVE R4-02-outside-link-declines KILLED (text)
[  232.8s] AUTHORITATIVE R4-05-malformed-wildcard KILLED (text)
[  238.0s] AUTHORITATIVE R4-04-non-utf8-declines KILLED (text)
[  239.9s] AUTHORITATIVE R4-07-opaque-package-declines KILLED (text)
[  243.4s] AUTHORITATIVE R4-06-skipped-type-unsafe KILLED (text)
[  245.1s] AUTHORITATIVE R4-09-dropped-ancestor-decline KILLED (text)
[  249.7s] AUTHORITATIVE R4-08-dropped-import-decline KILLED (text)
[  250.4s] AUTHORITATIVE R4-11-unread-file-declines KILLED (text)
[  254.1s] AUTHORITATIVE R4-10-skip-counter KILLED (text)
[  254.1s] AUTHORITATIVE R4-13-non-regular-declines KILLED (text)
[  257.8s] AUTHORITATIVE R4-12-unread-dir-declines KILLED (text)
[  257.9s] AUTHORITATIVE R4-15-duplicate-scan-inventory KILLED (text)
[  261.5s] AUTHORITATIVE R4-14-non-utf8-path-declines KILLED (text)
[  261.6s] AUTHORITATIVE R4-17-no-canonical-case-collision KILLED (text)
[  265.3s] AUTHORITATIVE R4-16-duplicate-fold-inventory KILLED (text)
[  265.3s] AUTHORITATIVE R4-19-duplicate-file-coverage KILLED (text)
[  269.0s] AUTHORITATIVE R4-18-unread-walk-declines KILLED (text)
[  270.6s] AUTHORITATIVE R4-21-drop-valid-redirect-with-malformed-sibling KILLED (text)
[  272.6s] AUTHORITATIVE R4-20-duplicate-indexed-read-receipt KILLED (text)
[  274.6s] AUTHORITATIVE R4-23-project-wrong-allowjs-roots KILLED (text)
[  276.5s] AUTHORITATIVE R4-22-project-all-modules KILLED (text)
[  277.0s] AUTHORITATIVE TOTAL killed 93/93 admissible 93 timings {'source_baseline_build': 0.12, 'source_baseline': 5.52, 'text_mode': 271.28, 'total': 277.03}
