   Compiling shlex v1.3.0
   Compiling find-msvc-tools v0.1.9
   Compiling tree-sitter-language v0.1.7
   Compiling proc-macro2 v1.0.106
   Compiling quote v1.0.45
   Compiling unicode-ident v1.0.24
   Compiling serde_core v1.0.228
   Compiling libc v0.2.183
   Compiling memchr v2.8.0
   Compiling hashbrown v0.16.1
   Compiling serde v1.0.228
   Compiling equivalent v1.0.2
   Compiling typenum v1.19.0
   Compiling version_check v0.9.5
   Compiling itoa v1.0.18
   Compiling zmij v1.0.21
   Compiling cc v1.2.57
   Compiling crossbeam-utils v0.8.21
   Compiling serde_json v1.0.149
   Compiling generic-array v0.14.7
   Compiling regex-syntax v0.8.10
   Compiling aho-corasick v1.1.4
   Compiling cfg-if v1.0.4
   Compiling indexmap v2.13.0
   Compiling anstyle v1.0.14
   Compiling autocfg v1.5.0
   Compiling utf8parse v0.2.2
   Compiling anstyle-parse v1.0.0
   Compiling is_terminal_polyfill v1.70.2
   Compiling rayon-core v1.13.0
   Compiling ryu v1.0.23
   Compiling anstyle-query v1.1.5
   Compiling colorchoice v1.0.5
   Compiling num-traits v0.2.19
   Compiling anstream v1.0.0
   Compiling crossbeam-epoch v0.9.18
   Compiling toml_write v0.1.2
   Compiling syn v2.0.117
   Compiling crossbeam-deque v0.8.6
   Compiling thiserror v2.0.18
   Compiling strsim v0.11.1
   Compiling pratt v0.4.0
   Compiling option-ext v0.2.0
   Compiling fnv v1.0.7
   Compiling winnow v1.0.1
   Compiling anyhow v1.0.102
   Compiling heck v0.5.0
   Compiling clap_lex v1.1.0
   Compiling cpufeatures v0.2.17
   Compiling winnow v0.7.15
   Compiling clap_builder v4.6.0
   Compiling dirs-sys v0.5.0
   Compiling streaming-iterator v0.1.9
   Compiling either v1.15.0
   Compiling predicates-core v1.0.10
   Compiling crypto-common v0.1.7
   Compiling block-buffer v0.10.4
   Compiling tree-sitter-cpp v0.23.4
   Compiling tree-sitter-bash v0.25.1
   Compiling tree-sitter-lua v0.5.0
   Compiling tree-sitter-rust v0.24.2
   Compiling digest v0.10.7
   Compiling tree-sitter-javascript v0.23.1
   Compiling sha2 v0.10.9
   Compiling tree-sitter-typescript v0.23.2 (/Users/wesleyjinks/code/prism-mutation-gate/target/mutgate/tree/vendor/tree-sitter-typescript)
   Compiling tree-sitter-java v0.23.5
   Compiling tree-sitter-c v0.24.1
   Compiling tree-sitter-python v0.23.6
   Compiling tree-sitter-hcl v1.1.0
   Compiling tree-sitter-go v0.23.4
   Compiling prism v3.1.2 (/Users/wesleyjinks/code/prism-mutation-gate/target/mutgate/tree)
   Compiling fixedbitset v0.5.7
   Compiling regex-automata v0.4.14
   Compiling rustix v1.1.4
   Compiling getrandom v0.4.2
   Compiling float-cmp v0.10.0
   Compiling rayon v1.12.0
   Compiling dirs v6.0.0
   Compiling errno v0.3.14
   Compiling termtree v0.5.1
   Compiling difflib v0.4.0
   Compiling assert_cmd v2.2.0
   Compiling normalize-line-endings v0.3.0
   Compiling bitflags v2.11.0
   Compiling predicates-tree v1.0.13
   Compiling wait-timeout v0.2.1
   Compiling once_cell v1.21.4
   Compiling fastrand v2.3.0
   Compiling petgraph v0.7.1
   Compiling tree-sitter v0.25.10
   Compiling tempfile v3.27.0
   Compiling serde_derive v1.0.228
   Compiling clap_derive v4.6.0
   Compiling thiserror-impl v2.0.18
   Compiling clap v4.6.0
   Compiling regex v1.12.3
   Compiling bstr v1.12.1
   Compiling predicates v3.1.4
   Compiling serde_spanned v0.6.9
   Compiling toml_datetime v0.6.11
   Compiling hcl-primitives v0.1.11
   Compiling vecmap-rs v0.2.4
   Compiling bincode v1.3.3
   Compiling toml_edit v0.22.27
   Compiling hcl-edit v0.9.6
   Compiling hcl-rs v0.19.7
   Compiling toml v0.8.23
warning: unused variable: `conf`
   --> tests/integration/import_binding_test.rs:354:10
    |
354 |     let (conf, kind) = resolve_kind(&cg, "app.py", "run", "process");
    |          ^^^^ help: if this is intentional, prefix it with an underscore: `_conf`
    |
    = note: `#[warn(unused_variables)]` (part of `#[warn(unused)]`) on by default

warning: function `resolve_count` is never used
  --> tests/integration/import_binding_test.rs:55:4
   |
55 | fn resolve_count(cg: &CallGraph, caller_file: &str, caller_name: &str, callee: &str) -> usize {
   |    ^^^^^^^^^^^^^
   |
   = note: `#[warn(dead_code)]` (part of `#[warn(unused)]`) on by default

warning: `prism` (test "integration") generated 2 warnings (run `cargo fix --test "integration" -p prism` to apply 1 suggestion)
    Finished `test` profile [unoptimized] target(s) in 22.08s
  Executable unittests src/lib.rs (target/debug/deps/prism-7301c0d068ee2af5)
  Executable tests/integration/main.rs (target/debug/deps/integration-95e78060e3c33016)
time: sysctl kern.clockrate: Operation not permitted
